<html>
<body>
<pre>
<h1>礦ision Build Log</h1>
<h2>Project:</h2>
F:\MCU_TEST_BACKUP\FLASH_LED.uvproj
Project File Date:  10/17/2014

<h2>Output:</h2>
Build target 'Target 1'
compiling SPI.c...
my_lib\SPI.c(294): warning:  #111-D: statement is unreachable
                                        break;
my_lib\SPI.c(307): warning:  #111-D: statement is unreachable
                                        break;
my_lib\SPI.c(267): warning:  #177-D: function "_slave_select" was declared but never referenced
  static void _slave_select(){//暂时不实现，现在只用spi的NSS引脚
my_lib\SPI.c: 3 warnings, 0 errors
linking...
Program Size: Code=2828 RO-data=212 RW-data=28 ZI-data=628  
FromELF: creating hex file...
".\FLASH_LED.axf" - 0 Error(s), 3 Warning(s).
Load "F:\\MCU_TEST_BACKUP\\FLASH_LED.axf" 
Erase Done.
Programming Done.
Verify OK.
Application running ...
ication running ...
