<html>
<body>
<pre>
<h1>礦ision Build Log</h1>
<h2>Project:</h2>
F:\MCU_TEST_BACKUP\FLASH_LED.uvproj
Project File Date:  10/17/2014

<h2>Output:</h2>
Build target 'Target 1'
linking...
Program Size: Code=2828 RO-data=212 RW-data=28 ZI-data=628  
FromELF: creating hex file...
".\FLASH_LED.axf" - 0 Error(s), 0 Warning(s).
Load "F:\\MCU_TEST_BACKUP\\FLASH_LED.axf" 
Erase Done.
Programming Done.
Verify OK.
Application running ...
C.c...
compiling GPIOx.c...
compiling RCC.c...
compiling ADC.c...
compiling TIMx.c...
compiling RTC.c...
compiling ASCII.c...
compiling 24c02n.c...
compiling I2C.c...
compiling DMA.c...
compiling USART1.c...
my_lib\USART1.c(27): warning:  #550-D: variable "Error" was set but never used
  static uc Error = 0;
my_lib\USART1.c: 1 warning, 0 errors
compiling log.c...
compiling SPI.c...
my_lib\SPI.c(286): warning:  #111-D: statement is unreachable
                                        break;
my_lib\SPI.c(299): warning:  #111-D: statement is unreachable
                                        break;
my_lib\SPI.c(259): warning:  #177-D: function "_slave_select" was declared but never referenced
  static void _slave_select(){//暂时不实现，现在只用spi的NSS引脚
my_lib\SPI.c: 3 warnings, 0 errors
linking...
.\FLASH_LED.axf: Error: L6218E: Undefined symbol debug (referred from main.o).
Not enough information to list image symbols.
Finished: 1 information, 0 warning and 1 error messages.
".\FLASH_LED.axf" - 1 Error(s), 5 Warning(s).
Target not created
